2026-09-03 21:15:29,348 | INFO | Connected to database 'bankingDB'
2026-09-04 18:08:25,284 | INFO | Connected to database 'bankingDB'
2026-09-04 18:12:03,432 | INFO | Schema created/verified (customers, accounts, transactions)
2026-09-04 18:20:54,222 | INFO | Truncated customers, accounts, transactions before reload
2026-09-04 18:20:54,335 | INFO | Loaded 201 rows into customers from data/customers.csv
2026-09-04 18:20:54,365 | INFO | Loaded 280 rows into accounts from data/accounts.csv
2026-09-04 18:20:54,872 | INFO | Loaded 4613 rows into transactions from data/transactions.csv
2026-09-04 18:20:54,917 | INFO | Added NOT VALID FK accounts.customer_id -> customers.customer_id
2026-09-04 18:20:54,917 | INFO | Data load complete
2026-09-04 18:23:10,961 | INFO | Q1: Active accounts with owner name/email -> 192 row(s)
2026-09-04 18:24:01,346 | INFO | Q1: Active accounts with owner name/email -> 192 row(s)
2026-09-04 18:24:50,948 | INFO | Q1: Active accounts with owner name/email -> 192 row(s)
2026-09-04 18:25:14,500 | INFO | Q1: Active accounts with owner name/email -> 192 row(s)
2026-09-04 18:26:15,637 | INFO | Q1: Active accounts with owner name/email -> 192 row(s)
2026-09-04 18:26:19,000 | INFO | Q1: Active accounts with owner name/email -> 192 row(s)
2026-09-04 18:42:26,446 | INFO | Q2: Customers with no account at all -> 1 row(s)
2026-09-04 18:43:33,301 | INFO | Q3: Orphaned accounts (no matching customer) -> 1 row(s)
2026-09-04 18:44:57,965 | INFO | Q4: Full outer join, labeled Matched/No Account/Missing Customer -> 281 row(s)
2026-09-04 18:46:12,232 | INFO | Q5: Transaction id/amount + account type/branch + customer name (3-way join) -> 4613 row(s)
2026-09-04 18:47:14,338 | INFO | Q6: Total balance per branch, highest first -> 8 row(s)
2026-09-04 18:47:28,309 | INFO | Q7: Top 5 branches by total balance (Active accounts only) -> 5 row(s)
2026-09-04 18:47:42,955 | INFO | Q8: Account types with average balance > 50,000 -> 4 row(s)
2026-09-04 18:47:47,183 | INFO | Q9: Customers holding more than 1 account -> 59 row(s)
2026-09-04 18:47:51,096 | INFO | Q10: Branch + account_type combo with highest total transaction amount -> 1 row(s)
2026-09-04 18:47:58,341 | INFO | Q11: Customers whose combined balance exceeds overall average -> 97 row(s)
2026-09-04 18:48:00,653 | INFO | Q12: Accounts above the average balance of their own account_type (correlated) -> 124 row(s)
2026-09-04 18:48:01,604 | INFO | Q13: Customers with at least one Withdrawal transaction (EXISTS) -> 175 row(s)
2026-09-04 18:48:02,090 | INFO | Q14: Accounts that have never had a transaction (NOT EXISTS) -> 1 row(s)
2026-09-04 18:48:03,069 | INFO | Q15: Customers living in a city with more than 3 customers (IN) -> 200 row(s)
2026-09-04 18:48:05,946 | INFO | Q16: Branches with >5 accounts, showing count + avg balance (inline view) -> 8 row(s)
2026-09-04 18:48:08,844 | INFO | Q17: Customer ids with Savings or Checking, de-duplicated (UNION) -> 105 row(s)
2026-09-04 18:48:10,672 | INFO | Q18: Same list, duplicates kept (UNION ALL) -> 125 row(s)
2026-09-04 18:48:12,089 | INFO | Q19: Customer ids with BOTH Savings and Checking (INTERSECT) -> 9 row(s)
2026-09-04 18:48:13,259 | INFO | Q20: Savings customers with NO Fixed Deposit account (EXCEPT) -> 43 row(s)
2026-09-04 18:48:15,741 | INFO | Q21: Accounts whose total transaction amount exceeds 100,000 (CTE) -> 257 row(s)
2026-09-04 18:48:17,469 | INFO | Q22: Single highest-balance account in each branch (CTE) -> 8 row(s)
2026-09-04 18:48:18,768 | INFO | Q23: Accounts whose total deposits exceed current balance (chained CTEs) -> 80 row(s)
2026-09-04 18:48:19,882 | INFO | Q24: CREATE VIEW active_accounts_view -> 0 row(s)
2026-09-04 18:48:19,896 | INFO |   -> preview of active_accounts_view -> 192 row(s)
2026-09-04 18:48:20,809 | INFO | Q25a: CREATE MATERIALIZED VIEW branch_balance_summary -> 0 row(s)
2026-09-04 18:48:20,828 | INFO | Q25b: unique index required for CONCURRENTLY refresh -> 0 row(s)
2026-09-04 18:48:20,993 | INFO | Q25c: REFRESH MATERIALIZED VIEW CONCURRENTLY branch_balance_summary -> 0 row(s)
2026-09-04 18:48:20,998 | INFO |   -> preview of branch_balance_summary -> 8 row(s)
2026-09-04 18:48:22,849 | INFO | Q26: Most recent transaction per account (ROW_NUMBER) -> 279 row(s)
2026-09-04 18:48:23,855 | INFO | Q27: Rank customers by total account balance (RANK, gaps allowed) -> 201 row(s)
2026-09-04 18:48:25,026 | INFO | Q28: Rank branches by total transaction amount, no gaps (DENSE_RANK) -> 8 row(s)
2026-09-04 18:48:26,035 | INFO | Q29: Each transaction next to the previous one on the same account (LAG) -> 4613 row(s)
2026-09-04 18:48:27,135 | INFO | Q30: Each transaction next to the next one + difference (LEAD) -> 4613 row(s)
2026-09-04 18:48:27,973 | INFO | Q31: Running total of transactions per account, in date order -> 4613 row(s)
2026-09-04 18:48:29,882 | INFO | Q32: Duplicate customers (same first_name, last_name, dob) -> 1 row(s)
2026-09-04 18:48:32,098 | INFO | Q33a: Customers missing city or email -> 2 row(s)
2026-09-04 18:48:32,101 | INFO | Q33b: Orphaned accounts (customer_id with no matching customer) -> 1 row(s)
2026-09-04 18:48:35,916 | INFO | Q34: Active accounts bucketed Low/Medium/High by balance (CASE) -> 3 row(s)
2026-09-04 18:48:44,820 | INFO | Q35: applied 500 fee to 121 accounts, inserted 121 Fee transactions
2026-09-04 18:48:59,722 | INFO | Q36: Customers split into 4 income quartiles (NTILE) -> 4 row(s)
2026-09-04 18:49:01,785 | INFO | Q37: credit_score < 500 but holds an account balance > 200,000 -> 35 row(s)
2026-09-04 18:49:03,547 | INFO | Q38: Flagged transactions with customer/branch/channel, amount desc -> 165 row(s)
2026-09-04 18:49:05,072 | INFO | Q39: kyc_status = Expired but still has an Active account (compliance risk) -> 26 row(s)
2026-09-04 18:49:06,605 | INFO | Q40: Joint accounts above their branch's average balance (correlated) -> 31 row(s)
2026-09-04 18:49:10,748 | INFO | Connection closed
